alert_id,detected_at,database_name,schema_name,table_name,column_name,alert_type,sub_type,alert_description,alert_sent
75b1da1721f564ddb7899f8274b128c6,2022-01-21 13:44:35.726,ELEMENTARY_TESTS,INTEGRATION_TESTS_DATA,STATS_TEAM,,schema_change,table_removed,The table "ELEMENTARY_TESTS.INTEGRATION_TESTS_DATA.STATS_TEAM" was removed,FALSE
8d6e1f94e25c79c1e1a385502902816b,2022-01-21 13:45:24.411,ELEMENTARY_TESTS,INTEGRATION_TESTS_DATA,STADIUMS,,schema_change,table_added,The table "ELEMENTARY_TESTS.INTEGRATION_TESTS_DATA.STADIUMS" was added,FALSE
b12a6d48a00df14f1f11eb34950d796f,2022-01-21 13:45:29.999,ELEMENTARY_TESTS,INTEGRATION_TESTS_DATA,GROUPS,GROUP_B,schema_change,type_changed,The type of "GROUP_B" was changed from TEXT to: NUMBER,FALSE
861110cf9a3932199e3378e1a8c3773b,2022-01-21 13:44:38.446,ELEMENTARY_TESTS,INTEGRATION_TESTS_DATA,GROUPS,GROUP_A,schema_change,column_removed,The column "GROUP_A" was removed,FALSE
afc04788023a7ed57eb378d95b823ef6,2022-01-21 13:44:38.446,ELEMENTARY_TESTS,INTEGRATION_TESTS_DATA,STATS_PLAYERS,OFFSIDES,schema_change,column_removed,The column "OFFSIDES" was removed,FALSE
ec32b2b909cde76443fdf275656f1825,2022-01-21 13:45:29.999,ELEMENTARY_TESTS,INTEGRATION_TESTS_DATA,STATS_PLAYERS,KEY_CROSSES,schema_change,column_added,The column "KEY_CROSSES" was added,FALSE
3fb743268551822440b8db6ed81fc8cd,2022-01-21 13:45:29.999,ELEMENTARY_TESTS,INTEGRATION_TESTS_DATA,STATS_PLAYERS,RED_CARDS,schema_change,column_added,The column "RED_CARDS" was added,FALSE
6219558ee14c49dfdd1333493a21fd11,2022-01-21 13:46:42.121,ELEMENTARY_TESTS,INTEGRATION_TESTS_DATA,STATS_PLAYERS,AGE,schema_change,column_added,The column "AGE" was added,FALSE
e08db5aeeb42335d82185eae514982cf,2022-01-21 13:46:42.121,ELEMENTARY_TESTS,INTEGRATION_TESTS_DATA,MATCHES,HOME,schema_change,type_changed,The type of "HOME" was changed from NUMBER to: BOOLEAN,FALSE